  FrameCounter.cpp
C:\Users\Thy\OneDrive\Documents\GitHub\datalens\DataLens\include\FrameCounter.cpp(2,10): error C1083: Cannot open include file: 'GLFW/glfw3.h': No such file or directory
  imgui.cpp
  imgui_demo.cpp
  imgui_draw.cpp
  imgui_impl_glfw.cpp
C:\Users\Thy\OneDrive\Documents\GitHub\datalens\DataLens\include\imgui\imgui_impl_glfw.cpp(77,10): error C1083: Cannot open include file: 'GLFW/glfw3.h': No such file or directory
  imgui_impl_opengl3.cpp
  imgui_tables.cpp
  imgui_widgets.cpp
  AminoAcid.cpp
C:\Users\Thy\OneDrive\Documents\GitHub\datalens\DataLens\source\bio\AminoAcid.cpp(1,10): error C1083: Cannot open include file: 'bio/AminoAcid.h': No such file or directory
  Helix.cpp
C:\Users\Thy\OneDrive\Documents\GitHub\datalens\DataLens\source\bio\Helix.cpp(1,10): error C1083: Cannot open include file: 'bio/Helix.h': No such file or directory
  MoleculeData.cpp
C:\Users\Thy\OneDrive\Documents\GitHub\datalens\DataLens\source\bio\MoleculeData.cpp(1,10): error C1083: Cannot open include file: 'bio/MoleculeData.h': No such file or directory
  Camera.cpp
C:\Users\Thy\OneDrive\Documents\GitHub\datalens\DataLens\source\Camera.cpp(1,10): error C1083: Cannot open include file: 'Camera.h': No such file or directory
  Clock.cpp
C:\Users\Thy\OneDrive\Documents\GitHub\datalens\DataLens\source\Clock.cpp(1,10): error C1083: Cannot open include file: 'Clock.h': No such file or directory
  ColorCommand.cpp
C:\Users\Thy\OneDrive\Documents\GitHub\datalens\DataLens\source\ColorCommand.cpp(1,10): error C1083: Cannot open include file: 'ColorCommand.h': No such file or directory
  Color.cpp
C:\Users\Thy\OneDrive\Documents\GitHub\datalens\DataLens\source\graphics\Color.cpp(1,10): error C1083: Cannot open include file: 'graphics/Color.h': No such file or directory
  Connector.cpp
C:\Users\Thy\OneDrive\Documents\GitHub\datalens\DataLens\source\graphics\Connector.cpp(1,10): error C1083: Cannot open include file: 'graphics/Connector.h': No such file or directory
  ConnectorTemplate.cpp
C:\Users\Thy\OneDrive\Documents\GitHub\datalens\DataLens\source\graphics\ConnectorTemplate.cpp(1,10): error C1083: Cannot open include file: 'graphics/ConnectorTemplate.h': No such file or directory
  Model.cpp
C:\Users\Thy\OneDrive\Documents\GitHub\datalens\DataLens\source\graphics\Model.cpp(1,10): error C1083: Cannot open include file: 'graphics/Model.h': No such file or directory
  Shader.cpp
C:\Users\Thy\OneDrive\Documents\GitHub\datalens\DataLens\source\graphics\Shader.cpp(1,10): error C1083: Cannot open include file: 'graphics/Shader.h': No such file or directory
  SphereTemplate.cpp
C:\Users\Thy\OneDrive\Documents\GitHub\datalens\DataLens\source\graphics\SphereTemplate.cpp(1,10): error C1083: Cannot open include file: 'graphics/SphereTemplate.h': No such file or directory
  Compiling...
  Window.cpp
C:\Users\Thy\OneDrive\Documents\GitHub\datalens\DataLens\source\graphics\Window.cpp(1,10): error C1083: Cannot open include file: 'graphics/Window.h': No such file or directory
  HTTPConnection.cpp
C:\Users\Thy\OneDrive\Documents\GitHub\datalens\DataLens\source\HTTPConnection.cpp(1,10): error C1083: Cannot open include file: 'HTTPConnection.h': No such file or directory
  Input.cpp
C:\Users\Thy\OneDrive\Documents\GitHub\datalens\DataLens\source\Input.cpp(1,10): error C1083: Cannot open include file: 'Input.h': No such file or directory
  main.cpp
C:\Users\Thy\OneDrive\Documents\GitHub\datalens\DataLens\source\main.cpp(9,10): error C1083: Cannot open include file: 'ResourceManager.h': No such file or directory
C:\Users\Thy\OneDrive\Documents\GitHub\datalens\DataLens\source\math\MathUtils.cpp(1,10): error C1083: Cannot open include file: 'math/MathUtils.h': No such file or directory
C:\Program Files\Microsoft Visual Studio\2022\Community\VC\Tools\MSVC\14.43.34808\include\optional(11): warning STL4038: The contents of <optional> are available only with C++17 or later.
  MathUtils.cpp
  PDBFile.cpp
C:\Users\Thy\OneDrive\Documents\GitHub\datalens\DataLens\source\bio\PDBFile.cpp(1,10): error C1083: Cannot open include file: 'bio/PDBFile.h': No such file or directory
  Protein.cpp
C:\Users\Thy\OneDrive\Documents\GitHub\datalens\DataLens\source\bio\Protein.cpp(1,10): error C1083: Cannot open include file: 'bio/Protein.h': No such file or directory
  Parser.cpp
C:\Program Files (x86)\Windows Kits\10\Include\10.0.22621.0\um\Parser.h(60,7): error C3646: 'm_cCurToken': unknown override specifier
  (compiling source file 'source/Parser.cpp')
  
C:\Program Files (x86)\Windows Kits\10\Include\10.0.22621.0\um\Parser.h(60,18): error C2143: syntax error: missing ',' before '['
  (compiling source file 'source/Parser.cpp')
  
C:\Program Files (x86)\Windows Kits\10\Include\10.0.22621.0\um\Parser.h(60,32): error C2238: unexpected token(s) preceding ';'
  (compiling source file 'source/Parser.cpp')
  
C:\Program Files (x86)\Windows Kits\10\Include\10.0.22621.0\um\Parser.h(61,7): error C3646: 'm_cCurWord': unknown override specifier
  (compiling source file 'source/Parser.cpp')
  
C:\Program Files (x86)\Windows Kits\10\Include\10.0.22621.0\um\Parser.h(61,17): error C2143: syntax error: missing ',' before '['
  (compiling source file 'source/Parser.cpp')
  
C:\Program Files (x86)\Windows Kits\10\Include\10.0.22621.0\um\Parser.h(61,31): error C2238: unexpected token(s) preceding ';'
  (compiling source file 'source/Parser.cpp')
  
C:\Program Files (x86)\Windows Kits\10\Include\10.0.22621.0\um\Parser.h(62,7): error C3646: 'm_cCurBuffer': unknown override specifier
  (compiling source file 'source/Parser.cpp')
  
C:\Program Files (x86)\Windows Kits\10\Include\10.0.22621.0\um\Parser.h(62,19): error C2143: syntax error: missing ',' before '['
  (compiling source file 'source/Parser.cpp')
  
C:\Program Files (x86)\Windows Kits\10\Include\10.0.22621.0\um\Parser.h(62,33): error C2238: unexpected token(s) preceding ';'
  (compiling source file 'source/Parser.cpp')
  
C:\Program Files (x86)\Windows Kits\10\Include\10.0.22621.0\um\Parser.h(64,7): error C2143: syntax error: missing ';' before '*'
  (compiling source file 'source/Parser.cpp')
  
C:\Program Files (x86)\Windows Kits\10\Include\10.0.22621.0\um\Parser.h(64,2): error C4430: missing type specifier - int assumed. Note: C++ does not support default-int
  (compiling source file 'source/Parser.cpp')
  
C:\Program Files (x86)\Windows Kits\10\Include\10.0.22621.0\um\Parser.h(64,24): error C2238: unexpected token(s) preceding ';'
  (compiling source file 'source/Parser.cpp')
  
C:\Program Files (x86)\Windows Kits\10\Include\10.0.22621.0\um\Parser.h(65,8): error C3646: 'm_dwError': unknown override specifier
  (compiling source file 'source/Parser.cpp')
  
C:\Program Files (x86)\Windows Kits\10\Include\10.0.22621.0\um\Parser.h(65,2): error C4430: missing type specifier - int assumed. Note: C++ does not support default-int
  (compiling source file 'source/Parser.cpp')
  
C:\Program Files (x86)\Windows Kits\10\Include\10.0.22621.0\um\Parser.h(68,8): error C3646: 'Read': unknown override specifier
  (compiling source file 'source/Parser.cpp')
  
C:\Program Files (x86)\Windows Kits\10\Include\10.0.22621.0\um\Parser.h(68,12): error C2059: syntax error: '('
  (compiling source file 'source/Parser.cpp')
  
C:\Program Files (x86)\Windows Kits\10\Include\10.0.22621.0\um\Parser.h(68,14): error C2238: unexpected token(s) preceding ';'
  (compiling source file 'source/Parser.cpp')
  
C:\Program Files (x86)\Windows Kits\10\Include\10.0.22621.0\um\Parser.h(69,8): error C3646: 'SetError': unknown override specifier
  (compiling source file 'source/Parser.cpp')
  
C:\Program Files (x86)\Windows Kits\10\Include\10.0.22621.0\um\Parser.h(69,16): error C2059: syntax error: '('
  (compiling source file 'source/Parser.cpp')
  
C:\Program Files (x86)\Windows Kits\10\Include\10.0.22621.0\um\Parser.h(69,27): error C2334: unexpected token(s) preceding '{'; skipping apparent function body
  (compiling source file 'source/Parser.cpp')
  
C:\Program Files (x86)\Windows Kits\10\Include\10.0.22621.0\um\Parser.h(83,7): error C2143: syntax error: missing ';' before '*'
  (compiling source file 'source/Parser.cpp')
  
C:\Program Files (x86)\Windows Kits\10\Include\10.0.22621.0\um\Parser.h(83,2): error C4430: missing type specifier - int assumed. Note: C++ does not support default-int
  (compiling source file 'source/Parser.cpp')
  
C:\Program Files (x86)\Windows Kits\10\Include\10.0.22621.0\um\Parser.h(83,29): error C2238: unexpected token(s) preceding ';'
  (compiling source file 'source/Parser.cpp')
  
C:\Program Files (x86)\Windows Kits\10\Include\10.0.22621.0\um\Parser.h(84,7): error C2143: syntax error: missing ';' before '*'
  (compiling source file 'source/Parser.cpp')
  
C:\Program Files (x86)\Windows Kits\10\Include\10.0.22621.0\um\Parser.h(84,2): error C4430: missing type specifier - int assumed. Note: C++ does not support default-int
  (compiling source file 'source/Parser.cpp')
  
C:\Program Files (x86)\Windows Kits\10\Include\10.0.22621.0\um\Parser.h(84,25): error C2238: unexpected token(s) preceding ';'
  (compiling source file 'source/Parser.cpp')
  
C:\Program Files (x86)\Windows Kits\10\Include\10.0.22621.0\um\Parser.h(86,8): error C3646: 'Start': unknown override specifier
  (compiling source file 'source/Parser.cpp')
  
C:\Program Files (x86)\Windows Kits\10\Include\10.0.22621.0\um\Parser.h(86,13): error C2059: syntax error: '('
  (compiling source file 'source/Parser.cpp')
  
C:\Program Files (x86)\Windows Kits\10\Include\10.0.22621.0\um\Parser.h(86,33): error C2238: unexpected token(s) preceding ';'
  (compiling source file 'source/Parser.cpp')
  
C:\Program Files (x86)\Windows Kits\10\Include\10.0.22621.0\um\Parser.h(88,7): error C2143: syntax error: missing ';' before '*'
  (compiling source file 'source/Parser.cpp')
  
C:\Program Files (x86)\Windows Kits\10\Include\10.0.22621.0\um\Parser.h(88,2): error C4430: missing type specifier - int assumed. Note: C++ does not support default-int
  (compiling source file 'source/Parser.cpp')
  
C:\Program Files (x86)\Windows Kits\10\Include\10.0.22621.0\um\Parser.h(88,18): error C2238: unexpected token(s) preceding ';'
  (compiling source file 'source/Parser.cpp')
  
C:\Program Files (x86)\Windows Kits\10\Include\10.0.22621.0\um\Parser.h(89,8): error C3646: 'GetError': unknown override specifier
  (compiling source file 'source/Parser.cpp')
  
C:\Program Files (x86)\Windows Kits\10\Include\10.0.22621.0\um\Parser.h(89,16): error C2059: syntax error: '('
  (compiling source file 'source/Parser.cpp')
  
C:\Program Files (x86)\Windows Kits\10\Include\10.0.22621.0\um\Parser.h(89,19): error C2334: unexpected token(s) preceding '{'; skipping apparent function body
  (compiling source file 'source/Parser.cpp')
  
C:\Program Files (x86)\Windows Kits\10\Include\10.0.22621.0\um\Parser.h(74,3): error C2065: 'm_cCurBuffer': undeclared identifier
  (compiling source file 'source/Parser.cpp')
  
C:\Program Files (x86)\Windows Kits\10\Include\10.0.22621.0\um\Parser.h(75,3): error C2065: 'm_pCurrentIndex': undeclared identifier
  (compiling source file 'source/Parser.cpp')
  
C:\Program Files (x86)\Windows Kits\10\Include\10.0.22621.0\um\Parser.h(76,3): error C2065: 'm_dwError': undeclared identifier
  (compiling source file 'source/Parser.cpp')
  
C:\Program Files (x86)\Windows Kits\10\Include\10.0.22621.0\um\Parser.h(94,7): error C2143: syntax error: missing ';' before '*'
  (compiling source file 'source/Parser.cpp')
  
C:\Program Files (x86)\Windows Kits\10\Include\10.0.22621.0\um\Parser.h(94,2): error C4430: missing type specifier - int assumed. Note: C++ does not support default-int
  (compiling source file 'source/Parser.cpp')
  
C:\Program Files (x86)\Windows Kits\10\Include\10.0.22621.0\um\Parser.h(94,14): error C2238: unexpected token(s) preceding ';'
  (compiling source file 'source/Parser.cpp')
  
C:\Program Files (x86)\Windows Kits\10\Include\10.0.22621.0\um\Parser.h(109,8): error C3646: 'AddTail': unknown override specifier
  (compiling source file 'source/Parser.cpp')
  
C:\Program Files (x86)\Windows Kits\10\Include\10.0.22621.0\um\Parser.h(109,15): error C2059: syntax error: '('
  (compiling source file 'source/Parser.cpp')
  
C:\Program Files (x86)\Windows Kits\10\Include\10.0.22621.0\um\Parser.h(109,25): error C2238: unexpected token(s) preceding ';'
  (compiling source file 'source/Parser.cpp')
  
C:\Program Files (x86)\Windows Kits\10\Include\10.0.22621.0\um\Parser.h(110,8): error C3646: 'GetTail': unknown override specifier
  (compiling source file 'source/Parser.cpp')
  
C:\Program Files (x86)\Windows Kits\10\Include\10.0.22621.0\um\Parser.h(110,15): error C2059: syntax error: '('
  (compiling source file 'source/Parser.cpp')
  
C:\Program Files (x86)\Windows Kits\10\Include\10.0.22621.0\um\Parser.h(110,35): error C2238: unexpected token(s) preceding ';'
  (compiling source file 'source/Parser.cpp')
  
C:\Users\Thy\OneDrive\Documents\GitHub\datalens\DataLens\source\Parser.cpp(3,6): error C2039: 'string': is not a member of 'std'
      C:\Users\Thy\OneDrive\Documents\GitHub\datalens\DataLens\predefined C++ types (compiler internal)(356,11):
      see declaration of 'std'
  
C:\Users\Thy\OneDrive\Documents\GitHub\datalens\DataLens\source\Parser.cpp(3,13): error C2653: 'Parser': is not a class or namespace name
C:\Users\Thy\OneDrive\Documents\GitHub\datalens\DataLens\source\Parser.cpp(3,6): error C4430: missing type specifier - int assumed. Note: C++ does not support default-int
C:\Users\Thy\OneDrive\Documents\GitHub\datalens\DataLens\source\Parser.cpp(3,21): error C2146: syntax error: missing ';' before identifier 'removeSpaces'
C:\Users\Thy\OneDrive\Documents\GitHub\datalens\DataLens\source\Parser.cpp(3,39): error C2039: 'string': is not a member of 'std'
      C:\Users\Thy\OneDrive\Documents\GitHub\datalens\DataLens\predefined C++ types (compiler internal)(356,11):
      see declaration of 'std'
  
C:\Users\Thy\OneDrive\Documents\GitHub\datalens\DataLens\source\Parser.cpp(3,51): error C2143: syntax error: missing ';' before '{'
C:\Users\Thy\OneDrive\Documents\GitHub\datalens\DataLens\source\Parser.cpp(3,51): error C2447: '{': missing function header (old-style formal list?)
C:\Users\Thy\OneDrive\Documents\GitHub\datalens\DataLens\source\Parser.cpp(11,6): error C2039: 'string': is not a member of 'std'
      C:\Users\Thy\OneDrive\Documents\GitHub\datalens\DataLens\predefined C++ types (compiler internal)(356,11):
      see declaration of 'std'
  
C:\Users\Thy\OneDrive\Documents\GitHub\datalens\DataLens\source\Parser.cpp(11,13): error C2653: 'Parser': is not a class or namespace name
C:\Users\Thy\OneDrive\Documents\GitHub\datalens\DataLens\source\Parser.cpp(11,6): error C4430: missing type specifier - int assumed. Note: C++ does not support default-int
C:\Users\Thy\OneDrive\Documents\GitHub\datalens\DataLens\source\Parser.cpp(11,6): error C2086: 'int string': redefinition
      C:\Users\Thy\OneDrive\Documents\GitHub\datalens\DataLens\source\Parser.cpp(3,6):
      see declaration of 'string'
  
C:\Users\Thy\OneDrive\Documents\GitHub\datalens\DataLens\source\Parser.cpp(11,21): error C2146: syntax error: missing ';' before identifier 'removeTrailingSpaces'
C:\Users\Thy\OneDrive\Documents\GitHub\datalens\DataLens\source\Parser.cpp(11,47): error C2039: 'string': is not a member of 'std'
      C:\Users\Thy\OneDrive\Documents\GitHub\datalens\DataLens\predefined C++ types (compiler internal)(356,11):
      see declaration of 'std'
  
C:\Users\Thy\OneDrive\Documents\GitHub\datalens\DataLens\source\Parser.cpp(11,59): error C2143: syntax error: missing ';' before '{'
C:\Users\Thy\OneDrive\Documents\GitHub\datalens\DataLens\source\Parser.cpp(11,59): error C2447: '{': missing function header (old-style formal list?)
C:\Users\Thy\OneDrive\Documents\GitHub\datalens\DataLens\source\Parser.cpp(23,6): error C2039: 'string': is not a member of 'std'
      C:\Users\Thy\OneDrive\Documents\GitHub\datalens\DataLens\predefined C++ types (compiler internal)(356,11):
      see declaration of 'std'
  
C:\Users\Thy\OneDrive\Documents\GitHub\datalens\DataLens\source\Parser.cpp(23,13): error C2653: 'Parser': is not a class or namespace name
C:\Users\Thy\OneDrive\Documents\GitHub\datalens\DataLens\source\Parser.cpp(23,6): error C4430: missing type specifier - int assumed. Note: C++ does not support default-int
C:\Users\Thy\OneDrive\Documents\GitHub\datalens\DataLens\source\Parser.cpp(23,6): error C2086: 'int string': redefinition
      C:\Users\Thy\OneDrive\Documents\GitHub\datalens\DataLens\source\Parser.cpp(3,6):
      see declaration of 'string'
  
C:\Users\Thy\OneDrive\Documents\GitHub\datalens\DataLens\source\Parser.cpp(23,21): error C2146: syntax error: missing ';' before identifier 'lowercase'
C:\Users\Thy\OneDrive\Documents\GitHub\datalens\DataLens\source\Parser.cpp(23,36): error C2039: 'string': is not a member of 'std'
      C:\Users\Thy\OneDrive\Documents\GitHub\datalens\DataLens\predefined C++ types (compiler internal)(356,11):
      see declaration of 'std'
  
C:\Users\Thy\OneDrive\Documents\GitHub\datalens\DataLens\source\Parser.cpp(23,48): error C2143: syntax error: missing ';' before '{'
C:\Users\Thy\OneDrive\Documents\GitHub\datalens\DataLens\source\Parser.cpp(23,48): error C2447: '{': missing function header (old-style formal list?)
C:\Users\Thy\OneDrive\Documents\GitHub\datalens\DataLens\source\Parser.cpp(30,6): error C2039: 'vector': is not a member of 'std'
      C:\Users\Thy\OneDrive\Documents\GitHub\datalens\DataLens\predefined C++ types (compiler internal)(356,11):
      see declaration of 'std'
  
C:\Users\Thy\OneDrive\Documents\GitHub\datalens\DataLens\source\Parser.cpp(30,12): error C2143: syntax error: missing ';' before '<'
C:\Users\Thy\OneDrive\Documents\GitHub\datalens\DataLens\source\Parser.cpp(30,6): error C4430: missing type specifier - int assumed. Note: C++ does not support default-int
C:\Users\Thy\OneDrive\Documents\GitHub\datalens\DataLens\source\Parser.cpp(30,12): error C2059: syntax error: '<'
C:\Users\Thy\OneDrive\Documents\GitHub\datalens\DataLens\source\Parser.cpp(30,18): error C2039: 'string': is not a member of 'std'
      C:\Users\Thy\OneDrive\Documents\GitHub\datalens\DataLens\predefined C++ types (compiler internal)(356,11):
      see declaration of 'std'
  
C:\Users\Thy\OneDrive\Documents\GitHub\datalens\DataLens\source\Parser.cpp(30,26): error C2653: 'Parser': is not a class or namespace name
C:\Users\Thy\OneDrive\Documents\GitHub\datalens\DataLens\source\Parser.cpp(30,51): error C2039: 'string': is not a member of 'std'
      C:\Users\Thy\OneDrive\Documents\GitHub\datalens\DataLens\predefined C++ types (compiler internal)(356,11):
      see declaration of 'std'
  
C:\Users\Thy\OneDrive\Documents\GitHub\datalens\DataLens\source\Parser.cpp(30,80): error C2143: syntax error: missing ';' before '{'
C:\Users\Thy\OneDrive\Documents\GitHub\datalens\DataLens\source\Parser.cpp(30,80): error C2447: '{': missing function header (old-style formal list?)
C:\Users\Thy\OneDrive\Documents\GitHub\datalens\DataLens\source\Parser.cpp(42,6): error C2039: 'string': is not a member of 'std'
      C:\Users\Thy\OneDrive\Documents\GitHub\datalens\DataLens\predefined C++ types (compiler internal)(356,11):
      see declaration of 'std'
  
C:\Users\Thy\OneDrive\Documents\GitHub\datalens\DataLens\source\Parser.cpp(42,13): error C2653: 'Parser': is not a class or namespace name
C:\Users\Thy\OneDrive\Documents\GitHub\datalens\DataLens\source\Parser.cpp(42,6): error C4430: missing type specifier - int assumed. Note: C++ does not support default-int
C:\Users\Thy\OneDrive\Documents\GitHub\datalens\DataLens\source\Parser.cpp(42,6): error C2086: 'int string': redefinition
      C:\Users\Thy\OneDrive\Documents\GitHub\datalens\DataLens\source\Parser.cpp(3,6):
      see declaration of 'string'
  
C:\Users\Thy\OneDrive\Documents\GitHub\datalens\DataLens\source\Parser.cpp(42,21): error C2146: syntax error: missing ';' before identifier 'getArg'
C:\Users\Thy\OneDrive\Documents\GitHub\datalens\DataLens\source\Parser.cpp(43,13): error C2039: 'string': is not a member of 'std'
      C:\Users\Thy\OneDrive\Documents\GitHub\datalens\DataLens\predefined C++ types (compiler internal)(356,11):
      see declaration of 'std'
  
C:\Users\Thy\OneDrive\Documents\GitHub\datalens\DataLens\source\Parser.cpp(44,13): error C2039: 'vector': is not a member of 'std'
      C:\Users\Thy\OneDrive\Documents\GitHub\datalens\DataLens\predefined C++ types (compiler internal)(356,11):
      see declaration of 'std'
  
C:\Users\Thy\OneDrive\Documents\GitHub\datalens\DataLens\source\Parser.cpp(44,25): error C2039: 'string': is not a member of 'std'
      C:\Users\Thy\OneDrive\Documents\GitHub\datalens\DataLens\predefined C++ types (compiler internal)(356,11):
      see declaration of 'std'
  
C:\Users\Thy\OneDrive\Documents\GitHub\datalens\DataLens\source\Parser.cpp(45,3): error C2143: syntax error: missing ';' before '{'
C:\Users\Thy\OneDrive\Documents\GitHub\datalens\DataLens\source\Parser.cpp(45,3): error C2447: '{': missing function header (old-style formal list?)
  ResourceManager.cpp
C:\Users\Thy\OneDrive\Documents\GitHub\datalens\DataLens\source\ResourceManager.cpp(1,10): error C1083: Cannot open include file: 'ResourceManager.h': No such file or directory
  Selection.cpp
C:\Users\Thy\OneDrive\Documents\GitHub\datalens\DataLens\source\Selection.cpp(1,10): error C1083: Cannot open include file: 'Selection.h': No such file or directory
